******************************************************************************
                  TI ARM Linker PC v20.2.5                     
******************************************************************************
>> Linked Mon May 24 18:30:54 2021

OUTPUT FILE NAME:   <Proyec-4.out>
ENTRY POINT SYMBOL: "_c_int00_noargs"  address: 00000a5d


MEMORY CONFIGURATION

         name            origin    length      used     unused   attr    fill
----------------------  --------  ---------  --------  --------  ----  --------
  FLASH                 00000000   00040000  00000cb2  0003f34e  R  X
  SRAM                  20000000   00008000  00000206  00007dfa  RW X


SEGMENT ALLOCATION MAP

run origin  load origin   length   init length attrs members
----------  ----------- ---------- ----------- ----- -------
00000000    00000000    00000cb8   00000cb8    r-x
  00000000    00000000    0000026c   0000026c    r-- .intvecs
  0000026c    0000026c    0000091a   0000091a    r-x .text
  00000b88    00000b88    000000fc   000000fc    r-- .const
  00000c88    00000c88    00000030   00000030    r-- .cinit
20000000    20000000    00000206   00000000    rw-
  20000000    20000000    00000200   00000000    rw- .stack
  20000200    20000200    00000004   00000000    rw- .bss
  20000204    20000204    00000002   00000000    rw- .data


SECTION ALLOCATION MAP

 output                                  attributes/
section   page    origin      length       input sections
--------  ----  ----------  ----------   ----------------
.intvecs   0    00000000    0000026c     
                  00000000    0000026c     tm4c123gh6pm_startup_ccs.obj (.intvecs)

.text      0    0000026c    0000091a     
                  0000026c    000002ac     main.obj (.text)
                  00000518    00000132     driverlib.lib : gpio.obj (.text:GPIOPadConfigSet)
                  0000064a    00000002     --HOLE-- [fill = 0]
                  0000064c    00000110                   : sysctl.obj (.text:SysCtlClockGet)
                  0000075c    000000f4                   : sysctl.obj (.text:SysCtlClockSet)
                  00000850    0000009c     rtsv7M4_T_le_v4SPD16_eabi.lib : memcpy_t2.asm.obj (.text)
                  000008ec    00000068                                   : copy_decompress_lzss.c.obj (.text:decompress:lzss:__TI_decompress_lzss)
                  00000954    00000048     driverlib.lib : gpio.obj (.text:GPIOPinConfigure)
                  0000099c    00000046                   : uart.obj (.text:UARTConfigSetExpClk)
                  000009e2    00000002     --HOLE-- [fill = 0]
                  000009e4    00000044     rtsv7M4_T_le_v4SPD16_eabi.lib : autoinit.c.obj (.text:__TI_auto_init_nobinit_nopinit:__TI_auto_init_nobinit_nopinit)
                  00000a28    00000034     driverlib.lib : sysctl.obj (.text:SysCtlPeripheralEnable)
                  00000a5c    00000034     rtsv7M4_T_le_v4SPD16_eabi.lib : boot_cortex_m.c.obj (.text:_c_int00_noargs:_c_int00_noargs)
                  00000a90    0000002a     driverlib.lib : gpio.obj (.text:GPIODirModeSet)
                  00000aba    00000002     --HOLE-- [fill = 0]
                  00000abc    00000020                   : uart.obj (.text:UARTDisable)
                  00000adc    0000001c     rtsv7M4_T_le_v4SPD16_eabi.lib : copy_zero_init.c.obj (.text:decompress:ZI:__TI_zero_init_nomemset:__TI_zero_init_nomemset)
                  00000af8    00000018     driverlib.lib : gpio.obj (.text:GPIOPinTypeGPIOOutput)
                  00000b10    00000014                   : uart.obj (.text:UARTEnable)
                  00000b24    00000012                   : gpio.obj (.text:GPIOPinTypeGPIOInput)
                  00000b36    00000012                   : gpio.obj (.text:GPIOPinTypeUART)
                  00000b48    0000000e     rtsv7M4_T_le_v4SPD16_eabi.lib : copy_decompress_none.c.obj (.text:decompress:none:__TI_decompress_none)
                  00000b56    0000000c     tm4c123gh6pm_startup_ccs.obj (.text)
                  00000b62    0000000a     driverlib.lib : uart.obj (.text:UARTCharPut)
                  00000b6c    00000006                   : gpio.obj (.text:GPIOPinRead)
                  00000b72    00000006                   : gpio.obj (.text:GPIOPinWrite)
                  00000b78    00000006                   : sysctl.obj (.text:SysCtlDelay)
                  00000b7e    00000004     rtsv7M4_T_le_v4SPD16_eabi.lib : pre_init.c.obj (.text:_system_pre_init)
                  00000b82    00000004                                   : exit.c.obj (.text:abort:abort)

.const     0    00000b88    000000fc     
                  00000b88    00000090     driverlib.lib : gpio.obj (.const:g_pui32GPIOBaseAddrs)
                  00000c18    0000006c                   : sysctl.obj (.const:g_pui32Xtals)

.cinit     0    00000c88    00000030     
                  00000c88    0000000c     (__TI_handler_table)
                  00000c94    00000004     --HOLE-- [fill = 0]
                  00000c98    00000008     (.cinit..bss.load) [load image, compression = zero_init]
                  00000ca0    00000006     (.cinit..data.load) [load image, compression = lzss]
                  00000ca6    00000002     --HOLE-- [fill = 0]
                  00000ca8    00000010     (__TI_cinit_table)

.init_array 
*          0    00000000    00000000     UNINITIALIZED

.bss       0    20000200    00000004     UNINITIALIZED
                  20000200    00000001     (.common:PARQ1)
                  20000201    00000001     (.common:PARQ2)
                  20000202    00000001     (.common:PARQ3)
                  20000203    00000001     (.common:PARQ4)

.data      0    20000204    00000002     UNINITIALIZED
                  20000204    00000002     main.obj (.data)

.stack     0    20000000    00000200     UNINITIALIZED
                  20000000    00000004     rtsv7M4_T_le_v4SPD16_eabi.lib : boot_cortex_m.c.obj (.stack)
                  20000004    000001fc     --HOLE--

__llvm_prf_cnts 
*          0    20000000    00000000     UNINITIALIZED

MODULE SUMMARY

       Module                         code   ro data   rw data
       ------                         ----   -------   -------
    .\
       main.obj                       684    0         6      
       tm4c123gh6pm_startup_ccs.obj   12     620       0      
    +--+------------------------------+------+---------+---------+
       Total:                         696    620       6      
                                                              
    C:/ti/TivaWare_C_Series-2.1.4.178/driverlib/ccs/Debug/driverlib.lib
       sysctl.obj                     574    108       0      
       gpio.obj                       492    144       0      
       uart.obj                       132    0         0      
    +--+------------------------------+------+---------+---------+
       Total:                         1198   252       0      
                                                              
    C:\ti\ccs1031\ccs\tools\compiler\ti-cgt-arm_20.2.5.LTS\lib\rtsv7M4_T_le_v4SPD16_eabi.lib
       memcpy_t2.asm.obj              156    0         0      
       copy_decompress_lzss.c.obj     104    0         0      
       autoinit.c.obj                 68     0         0      
       boot_cortex_m.c.obj            52     0         0      
       copy_zero_init.c.obj           28     0         0      
       copy_decompress_none.c.obj     14     0         0      
       exit.c.obj                     4      0         0      
       pre_init.c.obj                 4      0         0      
    +--+------------------------------+------+---------+---------+
       Total:                         430    0         0      
                                                              
       Stack:                         0      0         512    
       Linker Generated:              0      42        0      
    +--+------------------------------+------+---------+---------+
       Grand Total:                   2324   914       518    


LINKER GENERATED COPY TABLES

__TI_cinit_table @ 00000ca8 records: 2, size/record: 8, table size: 16
	.bss: load addr=00000c98, load size=00000008 bytes, run addr=20000200, run size=00000004 bytes, compression=zero_init
	.data: load addr=00000ca0, load size=00000006 bytes, run addr=20000204, run size=00000002 bytes, compression=lzss


LINKER GENERATED HANDLER TABLE

__TI_handler_table @ 00000c88 records: 3, size/record: 4, table size: 12
	index: 0, handler: __TI_decompress_lzss
	index: 1, handler: __TI_decompress_none
	index: 2, handler: __TI_zero_init


GLOBAL SYMBOLS: SORTED ALPHABETICALLY BY Name 

address   name                          
-------   ----                          
00000b83  C$$EXIT                       
00000a91  GPIODirModeSet                
00000519  GPIOPadConfigSet              
00000955  GPIOPinConfigure              
00000b6d  GPIOPinRead                   
00000b25  GPIOPinTypeGPIOInput          
00000af9  GPIOPinTypeGPIOOutput         
00000b37  GPIOPinTypeUART               
00000b73  GPIOPinWrite                  
20000200  PARQ1                         
20000201  PARQ2                         
20000202  PARQ3                         
20000203  PARQ4                         
00000b57  ResetISR                      
0000064d  SysCtlClockGet                
0000075d  SysCtlClockSet                
00000b79  SysCtlDelay                   
00000a29  SysCtlPeripheralEnable        
20000205  TOTAL                         
00000b63  UARTCharPut                   
0000099d  UARTConfigSetExpClk           
00000abd  UARTDisable                   
00000b11  UARTEnable                    
20000204  VAR                           
20000200  __STACK_END                   
00000200  __STACK_SIZE                  
20000200  __STACK_TOP                   
00000ca8  __TI_CINIT_Base               
00000cb8  __TI_CINIT_Limit              
00000c88  __TI_Handler_Table_Base       
00000c94  __TI_Handler_Table_Limit      
000009e5  __TI_auto_init_nobinit_nopinit
000008ed  __TI_decompress_lzss          
00000b49  __TI_decompress_none          
ffffffff  __TI_pprof_out_hndl           
ffffffff  __TI_prof_data_size           
ffffffff  __TI_prof_data_start          
00000000  __TI_static_base__            
00000add  __TI_zero_init_nomemset       
00000851  __aeabi_memcpy                
00000851  __aeabi_memcpy4               
00000851  __aeabi_memcpy8               
ffffffff  __binit__                     
ffffffff  __c_args__                    
UNDEFED   __mpu_init                    
20000000  __stack                       
20000000  __start___llvm_prf_cnts       
20000000  __stop___llvm_prf_cnts        
00000a5d  _c_int00_noargs               
UNDEFED   _system_post_cinit            
00000b7f  _system_pre_init              
00000b83  abort                         
ffffffff  binit                         
00000461  display                       
00000000  g_pfnVectors                  
0000026d  main                          
00000851  memcpy                        


GLOBAL SYMBOLS: SORTED BY Symbol Address 

address   name                          
-------   ----                          
00000000  __TI_static_base__            
00000000  g_pfnVectors                  
00000200  __STACK_SIZE                  
0000026d  main                          
00000461  display                       
00000519  GPIOPadConfigSet              
0000064d  SysCtlClockGet                
0000075d  SysCtlClockSet                
00000851  __aeabi_memcpy                
00000851  __aeabi_memcpy4               
00000851  __aeabi_memcpy8               
00000851  memcpy                        
000008ed  __TI_decompress_lzss          
00000955  GPIOPinConfigure              
0000099d  UARTConfigSetExpClk           
000009e5  __TI_auto_init_nobinit_nopinit
00000a29  SysCtlPeripheralEnable        
00000a5d  _c_int00_noargs               
00000a91  GPIODirModeSet                
00000abd  UARTDisable                   
00000add  __TI_zero_init_nomemset       
00000af9  GPIOPinTypeGPIOOutput         
00000b11  UARTEnable                    
00000b25  GPIOPinTypeGPIOInput          
00000b37  GPIOPinTypeUART               
00000b49  __TI_decompress_none          
00000b57  ResetISR                      
00000b63  UARTCharPut                   
00000b6d  GPIOPinRead                   
00000b73  GPIOPinWrite                  
00000b79  SysCtlDelay                   
00000b7f  _system_pre_init              
00000b83  C$$EXIT                       
00000b83  abort                         
00000c88  __TI_Handler_Table_Base       
00000c94  __TI_Handler_Table_Limit      
00000ca8  __TI_CINIT_Base               
00000cb8  __TI_CINIT_Limit              
20000000  __stack                       
20000000  __start___llvm_prf_cnts       
20000000  __stop___llvm_prf_cnts        
20000200  PARQ1                         
20000200  __STACK_END                   
20000200  __STACK_TOP                   
20000201  PARQ2                         
20000202  PARQ3                         
20000203  PARQ4                         
20000204  VAR                           
20000205  TOTAL                         
ffffffff  __TI_pprof_out_hndl           
ffffffff  __TI_prof_data_size           
ffffffff  __TI_prof_data_start          
ffffffff  __binit__                     
ffffffff  __c_args__                    
ffffffff  binit                         
UNDEFED   __mpu_init                    
UNDEFED   _system_post_cinit            

[57 symbols]
